../Core/Src/freertos.c:154:6:MX_FREERTOS_Init	8	static
../Core/Src/freertos.c:247:6:StartNTP	160	static
../Core/Src/freertos.c:337:6:StartTime	208	static
../Core/Src/freertos.c:389:6:StartLED	24	static
../Core/Src/freertos.c:422:6:StartLCD	216	static
../Core/Src/freertos.c:510:6:StartUart	144	static
../Core/Src/freertos.c:538:6:StartVS1003	24	static
../Core/Src/freertos.c:611:10:scan_mp3_files	352	static
../Core/Src/freertos.c:637:6:open_current_track	64	static
../Core/Src/freertos.c:670:6:switch_to_next_track	16	static
../Core/Src/freertos.c:695:6:StartFATFS	232	static
../Core/Src/freertos.c:828:6:StartADC2DMA	48	static
../Core/Src/freertos.c:878:6:StartButton	24	static
