../Core/Src/freertos.c:165:6:MX_FREERTOS_Init	8	static
../Core/Src/freertos.c:268:6:StartNTP	160	static
../Core/Src/freertos.c:363:6:StartTime	208	static
../Core/Src/freertos.c:419:6:StartLED	24	static
../Core/Src/freertos.c:456:6:StartLCD	200	static
../Core/Src/freertos.c:569:6:StartUart	144	static
../Core/Src/freertos.c:598:6:StartVS1003	24	static
../Core/Src/freertos.c:679:10:scan_mp3_files	352	static
../Core/Src/freertos.c:705:6:open_current_track	64	static
../Core/Src/freertos.c:738:6:switch_to_next_track	16	static
../Core/Src/freertos.c:763:6:StartFATFS	232	static
../Core/Src/freertos.c:905:6:StartADC2DMA	48	static
../Core/Src/freertos.c:952:6:StartButton	152	static
../Core/Src/freertos.c:1032:6:Start7SEG	24	static
