18:33:48 **** Incremental Build of configuration Debug for project example ****
make -j12 all 
arm-none-eabi-gcc "../Core/Src/freertos.c" -mcpu=cortex-m4 -std=gnu11 -g3 -DDEBUG -DUSE_HAL_DRIVER -DSTM32F407xx -c -I../Core/Inc -I../Drivers/STM32F4xx_HAL_Driver/Inc -I../Drivers/STM32F4xx_HAL_Driver/Inc/Legacy -I../Drivers/CMSIS/Device/ST/STM32F4xx/Include -I../Drivers/CMSIS/Include -I../Middlewares/Third_Party/FreeRTOS/Source/include -I../Middlewares/Third_Party/FreeRTOS/Source/CMSIS_RTOS_V2 -I../Middlewares/Third_Party/FreeRTOS/Source/portable/GCC/ARM_CM4F -I../FATFS/Target -I../FATFS/App -I../Middlewares/Third_Party/FatFs/src -I../LWIP/App -I../LWIP/Target -I../Middlewares/Third_Party/LwIP/src/include -I../Middlewares/Third_Party/LwIP/system -I../Middlewares/Third_Party/LwIP/src/include/netif/ppp -I../Middlewares/Third_Party/LwIP/src/include/lwip -I../Middlewares/Third_Party/LwIP/src/include/lwip/apps -I../Middlewares/Third_Party/LwIP/src/include/lwip/priv -I../Middlewares/Third_Party/LwIP/src/include/lwip/prot -I../Middlewares/Third_Party/LwIP/src/include/netif -I../Middlewares/Third_Party/LwIP/src/include/compat/posix -I../Middlewares/Third_Party/LwIP/src/include/compat/posix/arpa -I../Middlewares/Third_Party/LwIP/src/include/compat/posix/net -I../Middlewares/Third_Party/LwIP/src/include/compat/posix/sys -I../Middlewares/Third_Party/LwIP/src/include/compat/stdc -I../Middlewares/Third_Party/LwIP/system/arch -I../Drivers/BSP/Components/dp83848 -O0 -ffunction-sections -fdata-sections -Wall -fstack-usage -fcyclomatic-complexity -MMD -MP -MF"Core/Src/freertos.d" -MT"Core/Src/freertos.o" --specs=nano.specs -mfpu=fpv4-sp-d16 -mfloat-abi=hard -mthumb -o "Core/Src/freertos.o"
../Core/Src/freertos.c: In function 'StartDefaultTask':
../Core/Src/freertos.c:247:25: warning: implicit declaration of function 'ethernetif_input' [-Wimplicit-function-declaration]
  247 |                         ethernetif_input(&gnetif);
      |                         ^~~~~~~~~~~~~~~~
../Core/Src/freertos.c:249:17: warning: implicit declaration of function 'sys_check_timeouts' [-Wimplicit-function-declaration]
  249 |                 sys_check_timeouts();
      |                 ^~~~~~~~~~~~~~~~~~
../Core/Src/freertos.c: In function 'StartLCD':
../Core/Src/freertos.c:355:40: warning: format '%d' expects argument of type 'int', but argument 3 has type 'uint32_t' {aka 'long unsigned int'} [-Wformat=]
  355 |                         sprintf(str, "%d", local_time);
      |                                       ~^   ~~~~~~~~~~
      |                                        |   |
      |                                        int uint32_t {aka long unsigned int}
      |                                       %ld
../Core/Src/freertos.c: In function 'StartUart':
../Core/Src/freertos.c:404:34: warning: format '%d' expects argument of type 'int', but argument 2 has type 'uint32_t' {aka 'long unsigned int'} [-Wformat=]
  404 |                         printf("%d\n", local_time);                             // UART 또는 콘솔에 현재 시간 출력
      |                                 ~^     ~~~~~~~~~~
      |                                  |     |
      |                                  int   uint32_t {aka long unsigned int}
      |                                 %ld
../Core/Src/freertos.c: In function 'StartFATFS':
../Core/Src/freertos.c:505:33: warning: implicit declaration of function 'memmove' [-Wimplicit-function-declaration]
  505 |                                 memmove(mp3_buf, &mp3_buf[mp3_buf_index],
      |                                 ^~~~~~~
../Core/Src/freertos.c:41:1: note: include '<string.h>' or provide a declaration of 'memmove'
   40 | #include "7SEG.h"
  +++ |+#include <string.h>
   41 | /* USER CODE END Includes */
../Core/Src/freertos.c:505:33: warning: incompatible implicit declaration of built-in function 'memmove' [-Wbuiltin-declaration-mismatch]
  505 |                                 memmove(mp3_buf, &mp3_buf[mp3_buf_index],
      |                                 ^~~~~~~
../Core/Src/freertos.c:505:33: note: include '<string.h>' or provide a declaration of 'memmove'
../Core/Src/freertos.c:470:22: warning: unused variable 'br' [-Wunused-variable]
  470 |         uint32_t bw, br;
      |                      ^~
../Core/Src/freertos.c:470:18: warning: unused variable 'bw' [-Wunused-variable]
  470 |         uint32_t bw, br;
      |                  ^~
../Core/Src/freertos.c: In function 'StartADC2DMA':
../Core/Src/freertos.c:548:14: warning: unused variable 'str3' [-Wunused-variable]
  548 |         char str3[10];
      |              ^~~~
../Core/Src/freertos.c: In function 'StartButton':
../Core/Src/freertos.c:580:14: warning: unused variable 'str4' [-Wunused-variable]
  580 |         char str4[10];
      |              ^~~~
arm-none-eabi-gcc -o "example.elf" @"objects.list"   -mcpu=cortex-m4 -T"C:\Users\Hanbin\Desktop\RTOS-Example\STM32-RTOS\example\STM32F407VETX_FLASH.ld" --specs=nosys.specs -Wl,-Map="example.map" -Wl,--gc-sections -static --specs=nano.specs -mfpu=fpv4-sp-d16 -mfloat-abi=hard -mthumb -Wl,--start-group -lc -lm -Wl,--end-group
Finished building target: example.elf
 
arm-none-eabi-size  example.elf 
arm-none-eabi-objdump -h -S example.elf  > "example.list"
   text	   data	    bss	    dec	    hex	filename
 142496	    148	  78636	 221280	  36060	example.elf
Finished building: default.size.stdout
 
Finished building: example.list
 

18:33:51 Build Finished. 0 errors, 10 warnings. (took 2s.722ms)

